error: The attribute function should be free standing
 --> test/attribute/fail/mut_ref_self_argument.rs:5:5
  |
5 |     fn test(&mut self) -> proc::TokenStream {
  |     ^^
