error: The macro function should be free standing
 --> test/function/fail/self_argument.rs:5:5
  |
5 |     fn test(self) -> proc::TokenStream {
  |     ^^
